// Jest Snapshot v1, https://goo.gl/fbAQLP

exports[`HomePage render a homepage component 1`] = `ShallowWrapper {}`;
