// Jest Snapshot v1, https://goo.gl/fbAQLP

exports[`EditScore render editscore without crashing 1`] = `ShallowWrapper {}`;
