// Jest Snapshot v1, https://goo.gl/fbAQLP

exports[`ScoreInput render scoreinput without crashing 1`] = `ShallowWrapper {}`;
