// Jest Snapshot v1, https://goo.gl/fbAQLP

exports[`CreateModal render a createmodal component 1`] = `ShallowWrapper {}`;

exports[`CreateModal render createmodal without crashing 1`] = `ShallowWrapper {}`;
