// Jest Snapshot v1, https://goo.gl/fbAQLP

exports[`Library render library without crashing 1`] = `ShallowWrapper {}`;
